/opt/riscv/bin/riscv-none-elf-gcc --version > /dev/null 2>&1 \
&& { echo "/opt/riscv/bin/riscv-none-elf-gcc is correctly installed."; } \
	|| { echo "Error: Linker /opt/riscv/bin/riscv-none-elf-gcc not installed or not accessible."; \
		echo "Please install the RISC-V toolchain following instructions:"; \
		echo "- Download the pre-built toolchain from https://github.com/xpack-dev-tools/riscv-none-elf-gcc-xpack/releases/tag/v15.2.0-1/"; \
		echo "- Extract it to your system directory (like '/c/riscv')"; \
		echo "- Ensure that '/opt/riscv/bin/riscv-none-elf-gcc' is available in PATH."; exit 1; }
/opt/riscv/bin/riscv-none-elf-gcc --version > /dev/null 2>&1 \
&& { echo "/opt/riscv/bin/riscv-none-elf-gcc is correctly installed."; } \
|| { echo "Error: Compiler /opt/riscv/bin/riscv-none-elf-gcc not installed or not accessible."; \
		echo "To fix this issue, follow these steps:"; \
		echo "- Install the RISC-V GCC toolchain from here: https://github.com/xpack-dev-tools/riscv-none-elf-gcc-xpack/releases/tag/v15.2.0-1/"; \
        	echo "- Add the toolchain's bin folder to your PATH environment variable."; exit 1; }
/opt/riscv/bin/riscv-none-elf-objcopy --version > /dev/null 2>&1 \
	&& { echo "/opt/riscv/bin/riscv-none-elf-objcopy is correctly installed."; } \
	|| { echo "Error: Object Copy Tool /opt/riscv/bin/riscv-none-elf-objcopy not installed or not accessible."; \
		echo "Installation instructions:"; \
		echo "- Obtain the RISC-V objcopy binary as part of the RISC-V toolchain."; \
		echo "- Ensure that '/opt/riscv/bin/riscv-none-elf-objcopy' is present in your PATH."; exit 1; }
python -V > /dev/null 2>&1 \
	&& { echo "Python is correctly installed."; } \
	|| { echo "Error: Python not installed or not accessible. Please install Python"; exit 1; }
